// Jest Snapshot v1, https://goo.gl/fbAQLP

exports[`Home component should render and match the snapshot 1`] = `"Loading..."`;
